// Jest Snapshot v1, https://goo.gl/fbAQLP

exports[`Rendering SensorChart should render SensorChart component 1`] = `undefined`;
